**********************
Windows PowerShell transcript start
Start time: 20260827210200
Username: VPU\Pixellot
RunAs User: VPU\Pixellot
Configuration Name: 
Machine: VPU (Microsoft Windows NT 10.0.17763.0)
Host Application: C:\Windows\System32\WindowsPowerShell\v1.0\powershell.exe
Process ID: 26156
PSVersion: 5.1.17763.134
PSEdition: Desktop
PSCompatibleVersions: 1.0, 2.0, 3.0, 4.0, 5.0, 5.1.17763.134
BuildVersion: 10.0.17763.134
CLRVersion: 4.0.30319.42000
WSManStackVersion: 3.0
PSRemotingProtocolVersion: 2.3
SerializationVersion: 1.1.0.1
**********************
NVIDIA GPU triage v1.0
host: VPU   date: 2026-08-27T21:02:00.2596213-06:00   admin: True

=== 1. HOST / FLEET CORRELATION FACTS ===
model       : HP HP EliteDesk 800 G4 WKS TWR
os          : Microsoft Windows 10 Enterprise LTSC 10.0.17763
build lab   : 17763.1.amd64fre.rs5_release.180914-1434
bios        : Q01 Ver. 02.08.00 (06/24/2019 18:00:00)
uptime      : 14d 4h 49m
-- last 6 installed hotfixes (correlate with failure onset) --

HotFixID  Description     InstalledOn          
--------  -----------     -----------          
KB4486153 Update          6/27/2023 12:00:00 AM
KB4480116 Security Update 1/14/2019 12:00:00 AM
KB4470788 Security Update 1/8/2019 12:00:00 AM 
KB4480056 Update          1/8/2019 12:00:00 AM 
KB4480979 Security Update 1/8/2019 12:00:00 AM

=== 2. IS THE GPU ON THE PCI BUS AT ALL? ===
  High Definition Audio Controller  [PCI\VEN_10DE&DEV_10FA&SUBSYS_132010DE&REV_A1\4&2C31427B&0&0108]  status=OK cmErr=0
  NVIDIA GeForce GTX 1650  [PCI\VEN_10DE&DEV_1F82&SUBSYS_132010DE&REV_A1\4&2C31427B&0&0008]  status=OK cmErr=0
-- all display adapters (Win32_VideoController) --
  Intel(R) UHD Graphics 630  drv=24.20.100.6136  date=05/23/2018 18:00:00  status=OK  cmErr=0
  NVIDIA GeForce GTX 1650  drv=31.0.15.3667  date=07/11/2023 18:00:00  status=OK  cmErr=0
-- non-OK / previously-seen NVIDIA PnP entries --
  Unknown  High Definition Audio Controller  PCI\VEN_10DE&DEV_0FB9&SUBSYS_11BF196E&REV_A1\4&2C31427B&0&0108
  Unknown  High Definition Audio Controller  PCI\VEN_10DE&DEV_0FB9&SUBSYS_11BF10DE&REV_A1\4&2C31427B&0&0108

=== 3. PNP / DRIVER STATE ===
  High Definition Audio Controller -> CM_PROB_NONE : OK
  NVIDIA GeForce GTX 1650 -> CM_PROB_NONE : OK
-- PCIe link state --
  DEVPKEY_Device_LocationInfo = PCI bus 1, device 0, function 1
  DEVPKEY_PciDevice_CurrentLinkSpeed = 1
  DEVPKEY_PciDevice_CurrentLinkWidth = 16
  DEVPKEY_PciDevice_MaxLinkSpeed = 3
  DEVPKEY_PciDevice_MaxLinkWidth = 16
  DEVPKEY_Device_LocationInfo = PCI bus 1, device 0, function 0
  DEVPKEY_PciDevice_CurrentLinkSpeed = 1
  DEVPKEY_PciDevice_CurrentLinkWidth = 16
  DEVPKEY_PciDevice_MaxLinkSpeed = 3
  DEVPKEY_PciDevice_MaxLinkWidth = 16
-- signed driver package --
  NVIDIA Virtual Audio Device (Wave Extensible) (WDM)  ver=4.49.0.0  date=09/21/2022 18:00:00  inf=oem41.inf  provider=NVIDIA
  NVIDIA High Definition Audio  ver=1.3.40.14  date=01/18/2023 17:00:00  inf=oem42.inf  provider=NVIDIA Corporation
  NVIDIA GeForce GTX 1650  ver=31.0.15.3667  date=07/11/2023 18:00:00  inf=oem23.inf  provider=NVIDIA
-- nvlddmkm kernel driver file --
  nvlddmkm.sys NOT present

=== 4. NVIDIA-SMI / NVML ===
  using C:\Windows\System32\nvidia-smi.exe
Thu Aug 27 21:02:03 2026       
+---------------------------------------------------------------------------------------+
| NVIDIA-SMI 536.67                 Driver Version: 536.67       CUDA Version: 12.2     |
|-----------------------------------------+----------------------+----------------------+
| GPU  Name                     TCC/WDDM  | Bus-Id        Disp.A | Volatile Uncorr. ECC |
| Fan  Temp   Perf          Pwr:Usage/Cap |         Memory-Usage | GPU-Util  Compute M. |
|                                         |                      |               MIG M. |
|=========================================+======================+======================|
|   0  NVIDIA GeForce GTX 1650      WDDM  | 00000000:01:00.0  On |                  N/A |
| 40%   37C    P8               9W /  75W |    147MiB /  4096MiB |      5%      Default |
|                                         |                      |                  N/A |
+-----------------------------------------+----------------------+----------------------+
                                                                                         
+---------------------------------------------------------------------------------------+
| Processes:                                                                            |
|  GPU   GI   CI        PID   Type   Process name                            GPU Memory |
|        ID   ID                                                             Usage      |
|=======================================================================================|
|    0   N/A  N/A      1144    C+G   C:\Windows\System32\dwm.exe               N/A      |
|    0   N/A  N/A      5256    C+G   C:\Windows\explorer.exe                   N/A      |
|    0   N/A  N/A      5736    C+G   ...t.LockApp_cw5n1h2txyewy\LockApp.exe    N/A      |
|    0   N/A  N/A      7640    C+G   ....Cortana_cw5n1h2txyewy\SearchUI.exe    N/A      |
|    0   N/A  N/A      8012    C+G   ...5n1h2txyewy\ShellExperienceHost.exe    N/A      |
+---------------------------------------------------------------------------------------+
  query: NVIDIA GeForce GTX 1650, [N/A], GPU-86965660-728d-f938-0155-f96028cbfdea, 90.17.27.00.48, 536.67, 37, 9.17 W, 5 %, 4096 MiB, 0
  GPU temp: 37 C
-- processes holding the GPU --
pid, process_name, used_gpu_memory [MiB]
1144, C:\Windows\System32\dwm.exe, [N/A]
5256, C:\Windows\explorer.exe, [N/A]
8012, C:\Windows\SystemApps\ShellExperienceHost_cw5n1h2txyewy\ShellExperienceHost.exe, [N/A]
7640, C:\Windows\SystemApps\Microsoft.Windows.Cortana_cw5n1h2txyewy\SearchUI.exe, [N/A]
5736, C:\Windows\SystemApps\Microsoft.LockApp_cw5n1h2txyewy\LockApp.exe, [N/A]

=== 5. EVENT LOG HISTORY (last 21 days) ===
PS>TerminatingError(Get-WinEvent): "The running command stopped because the preference variable "ErrorActionPreference" or common parameter is set to Stop: There is not an event provider on the localhost computer that matches "nvsvc"."
PS>TerminatingError(Get-WinEvent): "The running command stopped because the preference variable "ErrorActionPreference" or common parameter is set to Stop: No events were found that match the specified selection criteria."
PS>TerminatingError(Get-WinEvent): "The running command stopped because the preference variable "ErrorActionPreference" or common parameter is set to Stop: No events were found that match the specified selection criteria."
  nvlddmkm/Display events: 0
  WHEA events: 0

=== 6. FUNCTIONAL NVENC / CUDA TEST - THE ACTUAL PROOF ===
  using ffmpeg: C:\Pixellot\Bin\ffmpeg\ffmpeg.exe
  NVENC: PASS
  NVDEC/CUDA: PASS

=== 7. PIXELLOT HWDETECTOR LOG EVIDENCE ===
  scanning 20 log files in C:\Pixellot\Data\Log
  matching failure lines: 0

=== 8. INTEL QSV PATH (the other half of the HwDetector message) ===
  Intel(R) UHD Graphics 630  drv=24.20.100.6136  cmErr=0

=== VERDICT ===
NOT_HARDWARE

Software/config evidence:
  [SW] nvlddmkm.sys missing - the NVIDIA kernel driver is not installed

Notes:
  [--] NVIDIA PCI device present: 10DE:10FA
  [--] PnP reports the NVIDIA device as working (code 0)
  [--] PnP reports the NVIDIA device as working (code 0)
  [--] FUNCTIONAL: NVENC encoded successfully on this GPU
  [--] FUNCTIONAL: CUDA/NVDEC decode succeeded on this GPU

The GPU encoded and decoded on demand. DO NOT RMA. The HwDetector failure is software, timing, or encoder contention.

JSON summary : .\gpu-triage-VPU-20260827-210200.json
Full log     : .\gpu-triage-VPU-20260827-210200.log
**********************
Windows PowerShell transcript end
End time: 20260827210206
**********************
